../Core/Src/main.c:113:8:map	32	static
../Core/Src/main.c:117:9:percent2pwm	16	static
../Core/Src/main.c:120:9:rpm2pwm	16	static
../Core/Src/main.c:123:8:rad2deg	24	static
../Core/Src/main.c:126:7:rad2rpm	16	static
../Core/Src/main.c:136:6:MOTOR_Init	16	static
../Core/Src/main.c:149:6:Controller_Init	16	static
../Core/Src/main.c:159:6:Wheels__Init	16	static
../Core/Src/main.c:195:6:process_data	48	static
../Core/Src/main.c:210:6:HAL_TIM_PeriodElapsedCallback	16	static
../Core/Src/main.c:250:6:HAL_UART_TxCpltCallback	16	static
../Core/Src/main.c:258:6:HAL_UART_RxCpltCallback	80	static
../Core/Src/main.c:297:6:fdr_set_pwm	16	static
../Core/Src/main.c:309:6:fst_set_pwm	16	static
../Core/Src/main.c:321:6:sdr_set_pwm	16	static
../Core/Src/main.c:333:6:sst_set_pwm	16	static
../Core/Src/main.c:345:6:run_motors	40	static
../Core/Src/main.c:351:6:stop_motors	8	static
../Core/Src/main.c:359:6:wait_for_start	4	static
../Core/Src/main.c:373:6:tele_op_mode	72	static
../Core/Src/main.c:439:6:compute_wheel_speeds	96	static
../Core/Src/main.c:471:6:follow_line	40	static
../Core/Src/main.c:489:6:follow_trajectory	16	static
../Core/Src/main.c:520:6:auto_op_mode	4	static
../Core/Src/main.c:532:6:send_data	8	static
../Core/Src/main.c:546:5:main	8	static
../Core/Src/main.c:652:6:SystemClock_Config	88	static
../Core/Src/main.c:699:13:MX_SPI2_Init	8	static
../Core/Src/main.c:736:13:MX_TIM1_Init	56	static
../Core/Src/main.c:786:13:MX_TIM2_Init	56	static
../Core/Src/main.c:835:13:MX_TIM3_Init	56	static
../Core/Src/main.c:884:13:MX_TIM4_Init	64	static
../Core/Src/main.c:955:13:MX_TIM5_Init	56	static
../Core/Src/main.c:1004:13:MX_TIM8_Init	80	static
../Core/Src/main.c:1081:13:MX_TIM9_Init	24	static
../Core/Src/main.c:1119:13:MX_TIM10_Init	8	static
../Core/Src/main.c:1150:13:MX_TIM12_Init	24	static
../Core/Src/main.c:1188:13:MX_USART2_UART_Init	8	static
../Core/Src/main.c:1221:13:MX_USART3_UART_Init	8	static
../Core/Src/main.c:1254:13:MX_USART6_UART_Init	8	static
../Core/Src/main.c:1287:13:MX_USB_OTG_FS_PCD_Init	8	static
../Core/Src/main.c:1321:13:MX_DMA_Init	16	static
../Core/Src/main.c:1346:13:MX_GPIO_Init	64	static
../Core/Src/main.c:1453:6:Error_Handler	4	static,ignoring_inline_asm
