../Core/Src/stm32f4xx_it.c:78:6:NMI_Handler	4	static
../Core/Src/stm32f4xx_it.c:93:6:HardFault_Handler	4	static
../Core/Src/stm32f4xx_it.c:108:6:MemManage_Handler	4	static
../Core/Src/stm32f4xx_it.c:123:6:BusFault_Handler	4	static
../Core/Src/stm32f4xx_it.c:138:6:UsageFault_Handler	4	static
../Core/Src/stm32f4xx_it.c:153:6:SVC_Handler	4	static
../Core/Src/stm32f4xx_it.c:166:6:DebugMon_Handler	4	static
../Core/Src/stm32f4xx_it.c:179:6:PendSV_Handler	4	static
../Core/Src/stm32f4xx_it.c:192:6:SysTick_Handler	8	static
../Core/Src/stm32f4xx_it.c:213:6:EXTI2_IRQHandler	8	static
../Core/Src/stm32f4xx_it.c:227:6:EXTI3_IRQHandler	8	static
../Core/Src/stm32f4xx_it.c:241:6:DMA1_Stream1_IRQHandler	8	static
../Core/Src/stm32f4xx_it.c:255:6:DMA1_Stream5_IRQHandler	8	static
../Core/Src/stm32f4xx_it.c:269:6:EXTI9_5_IRQHandler	8	static
../Core/Src/stm32f4xx_it.c:284:6:TIM1_BRK_TIM9_IRQHandler	8	static
../Core/Src/stm32f4xx_it.c:299:6:TIM1_UP_TIM10_IRQHandler	8	static
../Core/Src/stm32f4xx_it.c:314:6:USART2_IRQHandler	8	static
../Core/Src/stm32f4xx_it.c:328:6:EXTI15_10_IRQHandler	8	static
../Core/Src/stm32f4xx_it.c:344:6:TIM8_BRK_TIM12_IRQHandler	8	static
../Core/Src/stm32f4xx_it.c:359:6:DMA2_Stream1_IRQHandler	8	static
../Core/Src/stm32f4xx_it.c:373:6:USART6_IRQHandler	8	static
